INFO:     10.133.116.233:0 - "POST /api/threads/search HTTP/1.1" 500 Internal Server Error
ERROR:    Exception in ASGI application
  + Exception Group Traceback (most recent call last):
  |   File "E:\clerk\backend\.venv\Lib\site-packages\starlette\_utils.py", line 85, in create_collapsing_task_group
  |     async with anyio.create_task_group() as tg:
  |                ~~~~~~~~~~~~~~~~~~~~~~~^^
  |   File "E:\clerk\backend\.venv\Lib\site-packages\anyio\_backends\_asyncio.py", line 811, in __aexit__
  |     raise BaseExceptionGroup(
  |         "unhandled errors in a TaskGroup", self._exceptions
  |     ) from None
  | ExceptionGroup: unhandled errors in a TaskGroup (1 sub-exception)
  +-+---------------- 1 ----------------
    | Traceback (most recent call last):
    |   File "E:\clerk\backend\.venv\Lib\site-packages\uvicorn\protocols\http\httptools_impl.py", line 421, in run_asgi
    |     result = await app(  # type: ignore[func-returns-value]
    |              ^^^^^^^^^^^^^^^^^^^^^^^^^^^^^^^^^^^^^^^^^^^^^^
    |         self.scope, self.receive, self.send
    |         ^^^^^^^^^^^^^^^^^^^^^^^^^^^^^^^^^^^
    |     )
    |     ^
    |   File "E:\clerk\backend\.venv\Lib\site-packages\uvicorn\middleware\proxy_headers.py", line 62, in __call__
    |     return await self.app(scope, receive, send)
    |            ^^^^^^^^^^^^^^^^^^^^^^^^^^^^^^^^^^^^
    |   File "E:\clerk\backend\.venv\Lib\site-packages\fastapi\applications.py", line 1162, in __call__
    |     await super().__call__(scope, receive, send)
    |   File "E:\clerk\backend\.venv\Lib\site-packages\starlette\applications.py", line 90, in __call__
    |     await self.middleware_stack(scope, receive, send)
    |   File "E:\clerk\backend\.venv\Lib\site-packages\starlette\middleware\errors.py", line 186, in __call__
    |     raise exc
    |   File "E:\clerk\backend\.venv\Lib\site-packages\starlette\middleware\errors.py", line 164, in __call__
    |     await self.app(scope, receive, _send)
    |   File "E:\clerk\backend\.venv\Lib\site-packages\starlette\middleware\base.py", line 193, in __call__
    |     response = await self.dispatch_func(request, call_next)
    |                ^^^^^^^^^^^^^^^^^^^^^^^^^^^^^^^^^^^^^^^^^^^^
    |   File "E:\clerk\backend\app\gateway\csrf_middleware.py", line 206, in dispatch
    |     response = await call_next(request)
    |                ^^^^^^^^^^^^^^^^^^^^^^^^
    |   File "E:\clerk\backend\.venv\Lib\site-packages\starlette\middleware\base.py", line 168, in call_next
    |     raise app_exc from app_exc.__cause__ or app_exc.__context__
    |   File "E:\clerk\backend\.venv\Lib\site-packages\starlette\middleware\base.py", line 144, in coro
    |     await self.app(scope, receive_or_disconnect, send_no_error)
    |   File "E:\clerk\backend\.venv\Lib\site-packages\starlette\middleware\base.py", line 193, in __call__
    |     response = await self.dispatch_func(request, call_next)
    |                ^^^^^^^^^^^^^^^^^^^^^^^^^^^^^^^^^^^^^^^^^^^^
    |   File "E:\clerk\backend\app\gateway\auth_middleware.py", line 113, in dispatch
    |     user = await get_current_user_from_request(request)
    |            ^^^^^^^^^^^^^^^^^^^^^^^^^^^^^^^^^^^^^^^^^^^^
    |   File "E:\clerk\backend\app\gateway\deps.py", line 348, in get_current_user_from_request
    |     return await get_admin_session_user_from_request(request)
    |            ^^^^^^^^^^^^^^^^^^^^^^^^^^^^^^^^^^^^^^^^^^^^^^^^^^
    |   File "E:\clerk\backend\app\gateway\deps.py", line 449, in get_admin_session_user_from_request
    |     return GatewayUser(
    |         id=admin_user.id,
    |     ...<3 lines>...
    |         token_version=0,
    |     )
    |   File "E:\clerk\backend\.venv\Lib\site-packages\pydantic\main.py", line 263, in __init__
    |     validated_self = self.__pydantic_validator__.validate_python(data, self_instance=self)
    | pydantic_core._pydantic_core.ValidationError: 1 validation error for User
    | email
    |   value is not a valid email address: The part after the @-sign is a special-use or reserved name that cannot be 
used with email. [type=value_error, input_value='0c51f7e4-82f8-42a4-95c1-ea181c25066f@users.local', input_type=str]
    +------------------------------------

The above exception was the direct cause of the following exception:

Traceback (most recent call last):
  File "E:\clerk\backend\.venv\Lib\site-packages\uvicorn\protocols\http\httptools_impl.py", line 421, in run_asgi
    result = await app(  # type: ignore[func-returns-value]
             ^^^^^^^^^^^^^^^^^^^^^^^^^^^^^^^^^^^^^^^^^^^^^^
        self.scope, self.receive, self.send
        ^^^^^^^^^^^^^^^^^^^^^^^^^^^^^^^^^^^
    )
    ^
  File "E:\clerk\backend\.venv\Lib\site-packages\uvicorn\middleware\proxy_headers.py", line 62, in __call__
    return await self.app(scope, receive, send)
           ^^^^^^^^^^^^^^^^^^^^^^^^^^^^^^^^^^^^
  File "E:\clerk\backend\.venv\Lib\site-packages\fastapi\applications.py", line 1162, in __call__
    await super().__call__(scope, receive, send)
  File "E:\clerk\backend\.venv\Lib\site-packages\starlette\applications.py", line 90, in __call__
    await self.middleware_stack(scope, receive, send)
  File "E:\clerk\backend\.venv\Lib\site-packages\starlette\middleware\errors.py", line 186, in __call__
    raise exc
  File "E:\clerk\backend\.venv\Lib\site-packages\starlette\middleware\errors.py", line 164, in __call__
    await self.app(scope, receive, _send)
  File "E:\clerk\backend\.venv\Lib\site-packages\starlette\middleware\base.py", line 193, in __call__
    response = await self.dispatch_func(request, call_next)
               ^^^^^^^^^^^^^^^^^^^^^^^^^^^^^^^^^^^^^^^^^^^^
  File "E:\clerk\backend\app\gateway\csrf_middleware.py", line 206, in dispatch
    response = await call_next(request)
               ^^^^^^^^^^^^^^^^^^^^^^^^
  File "E:\clerk\backend\.venv\Lib\site-packages\starlette\middleware\base.py", line 168, in call_next
    raise app_exc from app_exc.__cause__ or app_exc.__context__
  File "E:\clerk\backend\.venv\Lib\site-packages\starlette\middleware\base.py", line 144, in coro
    await self.app(scope, receive_or_disconnect, send_no_error)
  File "E:\clerk\backend\.venv\Lib\site-packages\starlette\middleware\base.py", line 193, in __call__
    response = await self.dispatch_func(request, call_next)
               ^^^^^^^^^^^^^^^^^^^^^^^^^^^^^^^^^^^^^^^^^^^^
  File "E:\clerk\backend\app\gateway\auth_middleware.py", line 113, in dispatch
    user = await get_current_user_from_request(request)
           ^^^^^^^^^^^^^^^^^^^^^^^^^^^^^^^^^^^^^^^^^^^^
  File "E:\clerk\backend\app\gateway\deps.py", line 348, in get_current_user_from_request
    return await get_admin_session_user_from_request(request)
           ^^^^^^^^^^^^^^^^^^^^^^^^^^^^^^^^^^^^^^^^^^^^^^^^^^
  File "E:\clerk\backend\app\gateway\deps.py", line 449, in get_admin_session_user_from_request
    return GatewayUser(
        id=admin_user.id,
    ...<3 lines>...
        token_version=0,
    )
  File "E:\clerk\backend\.venv\Lib\site-packages\pydantic\main.py", line 263, in __init__
    validated_self = self.__pydantic_validator__.validate_python(data, self_instance=self)
pydantic_core._pydantic_core.ValidationError: 1 validation error for User
email
  value is not a valid email address: The part after the @-sign is a special-use or reserved name that cannot be used w
ith email. [type=value_error, input_value='0c51f7e4-82f8-42a4-95c1-ea181c25066f@users.local', input_type=str]